rack: OXPEBZE
OXYPHENBUTAZONE @ 4, 1 acr +1670 (hscore:1670)
OXYPHENBUTAZONE @ 4, 1 acr +1670 (hscore:1670)
        OXY @ 4, 1 acr +139 (hscore:139)
PREQUALIFYING @ 2,15 dwn +117 (hscore:117)
PREQUALIFYING @ 2,15 dwn +117 (hscore:117)
REQUALIFYING @ 3,15 dwn +105 (hscore:105)
REQUALIFYING @ 3,15 dwn +105 (hscore:105)
        ONE @ 4,13 acr +105 (hscore:105)
        ONE @ 4,13 acr +105 (hscore:105)
FOREJUDGING @ 3, 1 dwn +90 (hscore:90)
PREESTABLISHED @ 2, 6 dwn +54 (hscore:54)
PREESTABLISHED @ 2, 6 dwn +54 (hscore:54)
       ZEBU @ 1, 9 dwn +37 (hscore:37)
       ZEBU @ 1, 9 dwn +37 (hscore:37)
        ZEP @ 7,14 dwn +34 (hscore:34)
        ZEP @ 7,14 dwn +34 (hscore:34)
       ZERO @10,10 acr +33 (hscore:33)
       ZERO @10,10 acr +33 (hscore:33)
        OBE @ 7, 5 dwn +29 (hscore:29)
        OBE @ 7, 5 dwn +29 (hscore:29)
        ZEE @ 2,13 acr +28 (hscore:28)
        ZEE @ 2,13 acr +28 (hscore:28)
       EXPO @14, 8 acr +28 (hscore:28)
       BEEP @ 2, 7 acr +28 (hscore:28)
       BEEP @ 2, 7 acr +28 (hscore:28)
        BEE @ 8, 5 dwn +28 (hscore:28)
        BEE @ 8, 5 dwn +28 (hscore:28)
        REX @10, 8 acr +26 (hscore:26)
        REX @10, 8 acr +26 (hscore:26)
REESTABLISHED @ 3, 6 dwn +26 (hscore:26)
REESTABLISHED @ 3, 6 dwn +26 (hscore:26)
        PEE @ 9,11 dwn +26 (hscore:26)
        PEE @ 9,11 dwn +26 (hscore:26)
        OPE @ 7, 2 dwn +26 (hscore:26)
        OPE @ 8,11 dwn +26 (hscore:26)
        OPE @ 7, 2 dwn +26 (hscore:26)
        OPE @ 8,11 dwn +26 (hscore:26)
        OBE @ 8,11 dwn +26 (hscore:26)
        OBE @ 8,11 dwn +26 (hscore:26)
        HEN @ 4, 5 acr +26 (hscore:26)
        HEN @ 4, 5 acr +26 (hscore:26)
        BEE @ 9,11 dwn +26 (hscore:26)
        BEE @ 9,11 dwn +26 (hscore:26)
        ZEP @ 9,11 acr +25 (hscore:25)
         PE @ 9,14 dwn +25 (hscore:25)
         PE @ 9,14 dwn +25 (hscore:25)
         BO @ 9,14 dwn +25 (hscore:25)
         BE @ 9,14 dwn +25 (hscore:25)
         BE @ 9,14 dwn +25 (hscore:25)
        OPE @ 2, 6 acr +24 (hscore:24)
        OPE @ 2, 6 acr +24 (hscore:24)
        OPE @ 2, 4 acr +24 (hscore:24)
        OPE @ 2, 4 acr +24 (hscore:24)
        OBE @ 2, 6 acr +24 (hscore:24)
        OBE @ 2, 6 acr +24 (hscore:24)
       EXPO @12,11 dwn +24 (hscore:24)
       EXPO @12,11 dwn +24 (hscore:24)
         OP @ 8,11 dwn +23 (hscore:23)
         EX @ 8,13 dwn +23 (hscore:23)
         EX @ 8,13 dwn +23 (hscore:23)
        ZEE @ 9,11 acr +22 (hscore:22)
        ZEE @ 9,11 acr +22 (hscore:22)
         PE @ 2, 5 acr +22 (hscore:22)
         PE @ 2, 5 acr +22 (hscore:22)
         OX @11,14 dwn +22 (hscore:22)
         OX @11, 3 dwn +22 (hscore:22)
         OP @ 2, 6 acr +22 (hscore:22)
         OP @ 7, 2 dwn +22 (hscore:22)
        POX @ 2, 7 acr +21 (hscore:21)
         PE @14, 3 dwn +21 (hscore:21)
         PE @14, 3 dwn +21 (hscore:21)
         PE @ 3,11 acr +21 (hscore:21)
         PE @ 3,11 acr +21 (hscore:21)
         OX @ 8, 9 dwn +21 (hscore:21)
         EX @ 8, 9 dwn +21 (hscore:21)
         EX @ 8,14 dwn +21 (hscore:21)
         EX @ 8,14 dwn +21 (hscore:21)
         EX @ 8, 9 dwn +21 (hscore:21)
        BOX @ 2, 7 acr +21 (hscore:21)
         BO @ 3,11 acr +21 (hscore:21)
         BO @14, 3 dwn +21 (hscore:21)
         BE @ 3,11 acr +21 (hscore:21)
         BE @ 3,11 acr +21 (hscore:21)
         BE @14, 3 dwn +21 (hscore:21)
         BE @14, 3 dwn +21 (hscore:21)
         XU @ 6,14 acr +20 (hscore:20)
         PE @ 9,11 dwn +20 (hscore:20)
         PE @ 9,11 dwn +20 (hscore:20)
        OPE @11,14 dwn +20 (hscore:20)
        OPE @11,14 dwn +20 (hscore:20)
        OBE @11,14 dwn +20 (hscore:20)
        OBE @11,14 dwn +20 (hscore:20)
         BO @ 8, 5 dwn +20 (hscore:20)
         BO @ 9,11 dwn +20 (hscore:20)
         BO @11, 3 dwn +20 (hscore:20)
         BE @ 9,11 dwn +20 (hscore:20)
         BE @ 9,11 dwn +20 (hscore:20)
         BE @ 8, 5 dwn +20 (hscore:20)
         BE @ 8, 5 dwn +20 (hscore:20)
         OX @12,11 dwn +19 (hscore:19)
         EX @12,11 dwn +19 (hscore:19)
         EX @12,11 dwn +19 (hscore:19)
         OE @ 9, 5 dwn +18 (hscore:18)
         OE @ 9, 5 dwn +18 (hscore:18)
         EX @ 6, 1 acr +18 (hscore:18)
        ZEE @ 2,12 acr +17 (hscore:17)
        ZEE @ 2,12 acr +17 (hscore:17)
     REBORE @10, 8 acr +17 (hscore:17)
     REBORE @10, 8 acr +17 (hscore:17)
        BOP @ 2, 7 acr +17 (hscore:17)
        BEE @ 6, 9 dwn +17 (hscore:17)
        BEE @ 6, 9 dwn +17 (hscore:17)
       ZIPS @12, 3 acr +16 (hscore:16)
      ROPER @10, 8 acr +16 (hscore:16)
      ROPER @10, 8 acr +16 (hscore:16)
        PEE @ 2,13 acr +16 (hscore:16)
        PEE @ 2,13 acr +16 (hscore:16)
         OE @ 9,14 dwn +16 (hscore:16)
         OE @ 9,14 dwn +16 (hscore:16)
      DOZES @ 7, 8 acr +16 (hscore:16)
      DOZES @ 7, 8 acr +16 (hscore:16)
        BEE @ 2,13 acr +16 (hscore:16)
        BEE @ 2,13 acr +16 (hscore:16)
        ZEP @ 8,10 acr +15 (hscore:15)
        ZEP @ 8,10 acr +15 (hscore:15)
       PORE @10,10 acr +15 (hscore:15)
       PORE @10,10 acr +15 (hscore:15)
       PERE @10,10 acr +15 (hscore:15)
       PERE @10,10 acr +15 (hscore:15)
         PE @12,14 dwn +15 (hscore:15)
         PE @12,14 dwn +15 (hscore:15)
         OX @13, 2 dwn +15 (hscore:15)
       KEEP @13, 8 acr +15 (hscore:15)
       KEEP @13, 8 acr +15 (hscore:15)
       BORE @10,10 acr +15 (hscore:15)
       BORE @10,10 acr +15 (hscore:15)
         BO @12,14 dwn +15 (hscore:15)
         BE @12,14 dwn +15 (hscore:15)
         BE @12,14 dwn +15 (hscore:15)
       ZOON @ 1,14 dwn +14 (hscore:14)
        ZEN @13,13 acr +14 (hscore:14)
        ZEN @13,13 acr +14 (hscore:14)
      SEIZE @12, 6 acr +14 (hscore:14)
      SEIZE @12, 6 acr +14 (hscore:14)
        ROB @10, 8 acr +14 (hscore:14)
        REP @10, 8 acr +14 (hscore:14)
        REP @10, 8 acr +14 (hscore:14)
       REEF @10,12 acr +14 (hscore:14)
       REEF @10,12 acr +14 (hscore:14)
        REB @10, 8 acr +14 (hscore:14)
        REB @10, 8 acr +14 (hscore:14)
       POET @ 1,10 dwn +14 (hscore:14)
       POET @ 1,10 dwn +14 (hscore:14)
        PER @10,10 acr +14 (hscore:14)
        PER @10,10 acr +14 (hscore:14)
        PEE @ 2, 7 acr +14 (hscore:14)
        PEE @ 2, 7 acr +14 (hscore:14)
         PE @ 8, 2 dwn +14 (hscore:14)
         PE @ 8, 2 dwn +14 (hscore:14)
        OPE @ 2,12 acr +14 (hscore:14)
        OPE @ 2,12 acr +14 (hscore:14)
         OP @11,14 dwn +14 (hscore:14)
         OP @11, 3 dwn +14 (hscore:14)
        OBE @ 2,12 acr +14 (hscore:14)
        OBE @ 2,12 acr +14 (hscore:14)
        LEZ @11, 8 acr +14 (hscore:14)
        LEZ @11, 8 acr +14 (hscore:14)
        KEX @13, 8 acr +14 (hscore:14)
        KEX @13, 8 acr +14 (hscore:14)
       EXPO @ 8,10 acr +14 (hscore:14)
       EXPO @ 8,10 acr +14 (hscore:14)
       EPEE @14, 8 acr +14 (hscore:14)
       EPEE @14, 8 acr +14 (hscore:14)
      DEXES @ 7, 8 acr +14 (hscore:14)
      DEXES @ 7, 8 acr +14 (hscore:14)
         BO @11,14 dwn +14 (hscore:14)
       BEET @ 1,10 dwn +14 (hscore:14)
       BEET @ 1,10 dwn +14 (hscore:14)
        BEE @ 2, 7 acr +14 (hscore:14)
        BEE @ 2, 7 acr +14 (hscore:14)
        AZO @ 6, 8 acr +14 (hscore:14)
       ZOEA @ 8, 3 acr +13 (hscore:13)
       ZOEA @ 8, 3 acr +13 (hscore:13)
        ZEE @ 9,10 acr +13 (hscore:13)
        ZEE @14, 2 acr +13 (hscore:13)
        ZEE @14, 2 acr +13 (hscore:13)
        ZEE @ 9,10 acr +13 (hscore:13)
        ZED @15, 2 acr +13 (hscore:13)
        ZED @15, 2 acr +13 (hscore:13)
         PE @ 2, 7 acr +13 (hscore:13)
         PE @ 2, 7 acr +13 (hscore:13)
         PE @ 7,14 dwn +13 (hscore:13)
         PE @ 7,14 dwn +13 (hscore:13)
         PE @ 2,13 acr +13 (hscore:13)
         PE @ 2,13 acr +13 (hscore:13)
       OPAH @ 2,11 dwn +13 (hscore:13)
         OP @ 2, 4 acr +13 (hscore:13)
         OE @ 2, 5 acr +13 (hscore:13)
         OE @ 2, 5 acr +13 (hscore:13)
       MOPY @11,12 acr +13 (hscore:13)
      DEEPS @ 7, 8 acr +13 (hscore:13)
      DEEPS @ 7, 8 acr +13 (hscore:13)
         BO @ 8, 3 dwn +13 (hscore:13)
         BO @ 6, 9 dwn +13 (hscore:13)
         BO @ 2, 7 acr +13 (hscore:13)
         BE @ 8, 3 dwn +13 (hscore:13)
         BE @ 6, 9 dwn +13 (hscore:13)
         BE @ 6, 9 dwn +13 (hscore:13)
         BE @ 2, 7 acr +13 (hscore:13)
         BE @ 7,14 dwn +13 (hscore:13)
         BE @ 7,14 dwn +13 (hscore:13)
         BE @ 2,13 acr +13 (hscore:13)
         BE @ 2,13 acr +13 (hscore:13)
         BE @ 2, 7 acr +13 (hscore:13)
         BE @ 8, 3 dwn +13 (hscore:13)
        POT @ 2,10 dwn +12 (hscore:12)
        PET @ 2,10 dwn +12 (hscore:12)
        PET @ 2,10 dwn +12 (hscore:12)
        PER @ 1, 6 dwn +12 (hscore:12)
        PER @ 1, 6 dwn +12 (hscore:12)
        PEG @14,13 acr +12 (hscore:12)
        PEG @14,13 acr +12 (hscore:12)
        PAH @ 3,11 dwn +12 (hscore:12)
        OPT @ 2,10 dwn +12 (hscore:12)
        OPE @12,11 dwn +12 (hscore:12)
        OPE @13, 2 dwn +12 (hscore:12)
        OPE @13, 2 dwn +12 (hscore:12)
        OPE @12,11 dwn +12 (hscore:12)
        OBE @12,11 dwn +12 (hscore:12)
        OBE @12,11 dwn +12 (hscore:12)
        OBE @13, 2 dwn +12 (hscore:12)
        OBE @13, 2 dwn +12 (hscore:12)
        LOX @11, 8 acr +12 (hscore:12)
        LEX @11, 8 acr +12 (hscore:12)
        LEX @11, 8 acr +12 (hscore:12)
       EXON @ 1,14 dwn +12 (hscore:12)
       EXON @ 1,14 dwn +12 (hscore:12)
        BOT @ 2,10 dwn +12 (hscore:12)
        BOG @14,13 acr +12 (hscore:12)
        BET @ 2,10 dwn +12 (hscore:12)
        BET @ 2,10 dwn +12 (hscore:12)
        BEG @14,13 acr +12 (hscore:12)
        BEG @14,13 acr +12 (hscore:12)
        BAH @ 3,11 dwn +12 (hscore:12)
        AXE @ 6, 8 acr +12 (hscore:12)
        AXE @ 6, 8 acr +12 (hscore:12)
         ZA @ 7,14 acr +11 (hscore:11)
       POME @11,10 acr +11 (hscore:11)
       POME @11,10 acr +11 (hscore:11)
        PEE @ 2,12 acr +11 (hscore:11)
        PEE @ 2,12 acr +11 (hscore:11)
         OX @12,13 dwn +11 (hscore:11)
         OP @13, 2 dwn +11 (hscore:11)
         OP @12,11 dwn +11 (hscore:11)
      OBEAH @ 1,11 dwn +11 (hscore:11)
      OBEAH @ 1,11 dwn +11 (hscore:11)
         JO @ 7, 1 acr +11 (hscore:11)
       EPEE @ 9,10 acr +11 (hscore:11)
       EPEE @ 9,10 acr +11 (hscore:11)
        DEX @ 7, 8 acr +11 (hscore:11)
        DEX @ 8, 8 acr +11 (hscore:11)
        DEX @ 7, 8 acr +11 (hscore:11)
        DEX @ 8, 8 acr +11 (hscore:11)
     DEPOSE @ 7, 8 acr +11 (hscore:11)
     DEPOSE @ 7, 8 acr +11 (hscore:11)
       BEEP @ 9,10 acr +11 (hscore:11)
       BEEP @ 9,10 acr +11 (hscore:11)
        BEE @ 2,12 acr +11 (hscore:11)
        BEE @ 2,12 acr +11 (hscore:11)
         XU @ 3, 9 dwn +10 (hscore:10)
       POPE @ 8,10 acr +10 (hscore:10)
       POPE @ 8,10 acr +10 (hscore:10)
       PEPO @ 8,10 acr +10 (hscore:10)
       PEPO @ 8,10 acr +10 (hscore:10)
        PEE @ 9,11 acr +10 (hscore:10)
        PEE @ 9,11 acr +10 (hscore:10)
        OPS @ 7,10 acr +10 (hscore:10)
        OPE @ 9,10 acr +10 (hscore:10)
        OPE @14, 2 acr +10 (hscore:10)
         OM @ 2, 1 acr +10 (hscore:10)
         OF @ 2, 1 dwn +10 (hscore:10)
         OF @10,14 acr +10 (hscore:10)
        OBE @14, 2 acr +10 (hscore:10)
        OBE @ 9,10 acr +10 (hscore:10)
        KOP @13, 8 acr +10 (hscore:10)
        KOB @13, 8 acr +10 (hscore:10)
        KEP @13, 8 acr +10 (hscore:10)
        KEP @13, 8 acr +10 (hscore:10)
       HOKE @13, 6 acr +10 (hscore:10)
       HOKE @13, 6 acr +10 (hscore:10)
         EM @ 2, 1 acr +10 (hscore:10)
         EM @ 2, 1 acr +10 (hscore:10)
         EF @10,14 acr +10 (hscore:10)
         EF @10,14 acr +10 (hscore:10)
         EF @ 2, 1 dwn +10 (hscore:10)
         EF @ 2, 1 dwn +10 (hscore:10)
      DOPES @ 7, 8 acr +10 (hscore:10)
      DOPES @ 7, 8 acr +10 (hscore:10)
      COTED @ 7, 4 acr +10 (hscore:10)
      COTED @ 7, 4 acr +10 (hscore:10)
      BODED @15, 2 acr +10 (hscore:10)
      BODED @15, 2 acr +10 (hscore:10)
         BO @ 2, 4 acr +10 (hscore:10)
       BEEP @ 9, 6 acr +10 (hscore:10)
       BEEP @ 9, 6 acr +10 (hscore:10)
        BEE @ 9,11 acr +10 (hscore:10)
        BEE @ 9,11 acr +10 (hscore:10)
         XI @12, 3 acr +9 (hscore:9)
         XI @12,14 acr +9 (hscore:9)
         XI @ 9,14 acr +9 (hscore:9)
        POP @ 8,10 acr +9 (hscore:9)
       POOH @ 1, 5 dwn +9 (hscore:9)
        POM @11,10 acr +9 (hscore:9)
        PEP @ 8,10 acr +9 (hscore:9)
        PEP @ 8,10 acr +9 (hscore:9)
         PE @14, 3 acr +9 (hscore:9)
         PE @11, 3 acr +9 (hscore:9)
         PE @ 9,11 acr +9 (hscore:9)
        OPE @12,13 dwn +9 (hscore:9)
        OPE @12,13 dwn +9 (hscore:9)
         OE @10,11 dwn +9 (hscore:9)
         OE @10,11 dwn +9 (hscore:9)
         OE @12,14 dwn +9 (hscore:9)
         OE @14, 3 dwn +9 (hscore:9)
         OE @14, 3 dwn +9 (hscore:9)
         OE @ 7,13 dwn +9 (hscore:9)
         OE @ 7,13 dwn +9 (hscore:9)
         OE @11,11 dwn +9 (hscore:9)
         OE @12,14 dwn +9 (hscore:9)
         OE @11,11 dwn +9 (hscore:9)
        OBE @12,13 dwn +9 (hscore:9)
        OBE @12,13 dwn +9 (hscore:9)
         EX @ 9,12 acr +9 (hscore:9)
         EX @14, 8 acr +9 (hscore:9)
         EX @ 9, 8 acr +9 (hscore:9)
        BOP @ 8,10 acr +9 (hscore:9)
         BE @ 9,11 acr +9 (hscore:9)
         BE @11, 3 acr +9 (hscore:9)
         BE @14, 3 acr +9 (hscore:9)
         AX @ 6, 8 acr +9 (hscore:9)
       POSE @ 7,10 acr +8 (hscore:8)
       POSE @ 7,10 acr +8 (hscore:8)
       POON @ 1,14 dwn +8 (hscore:8)
        POH @ 2, 5 dwn +8 (hscore:8)
       PESO @ 7,10 acr +8 (hscore:8)
       PESO @ 7,10 acr +8 (hscore:8)
       PEON @ 1,14 dwn +8 (hscore:8)
       PEON @ 1,14 dwn +8 (hscore:8)
        PEN @13,13 acr +8 (hscore:8)
        PEN @13,13 acr +8 (hscore:8)
       PEEL @ 8,12 acr +8 (hscore:8)
       PEEL @ 8,12 acr +8 (hscore:8)
       PEED @15, 1 acr +8 (hscore:8)
       PEED @15, 1 acr +8 (hscore:8)
       PANE @ 2, 7 dwn +8 (hscore:8)
        OWE @ 4,13 dwn +8 (hscore:8)
        OWE @ 4,13 dwn +8 (hscore:8)
       OPED @15, 1 acr +8 (hscore:8)
       OPED @15, 1 acr +8 (hscore:8)
         OE @ 6,12 acr +8 (hscore:8)
         OE @13, 2 dwn +8 (hscore:8)
         OE @ 9,11 dwn +8 (hscore:8)
         OE @ 9,11 dwn +8 (hscore:8)
         OE @ 7, 9 dwn +8 (hscore:8)
         OE @ 7, 9 dwn +8 (hscore:8)
         OE @ 6,12 acr +8 (hscore:8)
         OE @13, 2 dwn +8 (hscore:8)
        NOB @ 9, 4 acr +8 (hscore:8)
        NEB @ 9, 4 acr +8 (hscore:8)
        NEB @ 9, 4 acr +8 (hscore:8)
        LOP @11, 8 acr +8 (hscore:8)
        LOB @11, 8 acr +8 (hscore:8)
         GO @10, 1 acr +8 (hscore:8)
       EBON @ 1,14 dwn +8 (hscore:8)
       EBON @ 1,14 dwn +8 (hscore:8)
       BOON @ 1,14 dwn +8 (hscore:8)
        BEN @13,13 acr +8 (hscore:8)
        BEN @13,13 acr +8 (hscore:8)
       BANE @ 2, 7 dwn +8 (hscore:8)
        APE @ 6, 8 acr +8 (hscore:8)
        APE @ 6, 8 acr +8 (hscore:8)
        ABO @ 6, 8 acr +8 (hscore:8)
       POSE @12,10 acr +7 (hscore:7)
       POSE @12,10 acr +7 (hscore:7)
        POD @15, 2 acr +7 (hscore:7)
       PIES @12, 3 acr +7 (hscore:7)
       PIES @12, 3 acr +7 (hscore:7)
       PESO @12,10 acr +7 (hscore:7)
       PESO @12,10 acr +7 (hscore:7)
        PES @ 7,10 acr +7 (hscore:7)
        PES @ 7,10 acr +7 (hscore:7)
        PEE @ 9,10 acr +7 (hscore:7)
        PEE @14, 2 acr +7 (hscore:7)
        PEE @14, 2 acr +7 (hscore:7)
        PEE @ 9,10 acr +7 (hscore:7)
        PED @15, 2 acr +7 (hscore:7)
        PED @15, 2 acr +7 (hscore:7)
         OP @12,13 dwn +7 (hscore:7)
         OE @ 2,13 acr +7 (hscore:7)
         OE @ 2,13 acr +7 (hscore:7)
       EPEE @14, 6 acr +7 (hscore:7)
       EPEE @14, 6 acr +7 (hscore:7)
        EME @11,11 acr +7 (hscore:7)
        EME @11,11 acr +7 (hscore:7)
        DEB @ 7, 8 acr +7 (hscore:7)
        DEB @ 8, 8 acr +7 (hscore:7)
        DEB @ 7, 8 acr +7 (hscore:7)
        DEB @ 8, 8 acr +7 (hscore:7)
        COT @ 7, 4 acr +7 (hscore:7)
        COL @10, 4 acr +7 (hscore:7)
        CEL @10, 4 acr +7 (hscore:7)
        CEL @10, 4 acr +7 (hscore:7)
         BY @11,14 acr +7 (hscore:7)
        BOS @ 7,10 acr +7 (hscore:7)
        BOD @15, 2 acr +7 (hscore:7)
       BIOS @12, 3 acr +7 (hscore:7)
        BEE @ 9,10 acr +7 (hscore:7)
        BEE @14, 2 acr +7 (hscore:7)
        BEE @14, 2 acr +7 (hscore:7)
        BEE @ 9,10 acr +7 (hscore:7)
        BED @15, 2 acr +7 (hscore:7)
        BED @15, 2 acr +7 (hscore:7)
         UP @ 8, 1 acr +6 (hscore:6)
        PRO @10,11 acr +6 (hscore:6)
        PES @12,10 acr +6 (hscore:6)
        PES @12,10 acr +6 (hscore:6)
        PER @ 1,15 dwn +6 (hscore:6)
        PER @ 1,15 dwn +6 (hscore:6)
        ORB @10,11 acr +6 (hscore:6)
        OPS @12,10 acr +6 (hscore:6)
        OPE @ 8,11 acr +6 (hscore:6)
        OPE @ 8,11 acr +6 (hscore:6)
        OBA @ 8, 4 acr +6 (hscore:6)
         MO @11,12 acr +6 (hscore:6)
         ME @11,12 acr +6 (hscore:6)
         ME @11,12 acr +6 (hscore:6)
        BRO @10,11 acr +6 (hscore:6)
        BOS @12,10 acr +6 (hscore:6)
        BEE @ 9, 6 acr +6 (hscore:6)
        BEE @ 9, 6 acr +6 (hscore:6)
        ROE @10, 8 acr +5 (hscore:5)
        ROE @10, 8 acr +5 (hscore:5)
        REE @10, 8 acr +5 (hscore:5)
        REE @10, 8 acr +5 (hscore:5)
         PI @ 9,14 acr +5 (hscore:5)
         PI @12, 3 acr +5 (hscore:5)
         PI @12,14 acr +5 (hscore:5)
         PE @ 8,12 acr +5 (hscore:5)
         PE @ 8,12 acr +5 (hscore:5)
         PA @ 7,14 acr +5 (hscore:5)
         OP @ 8,11 acr +5 (hscore:5)
        OOH @ 2, 5 dwn +5 (hscore:5)
         OM @11,11 acr +5 (hscore:5)
         OE @12,11 dwn +5 (hscore:5)
         OE @12,11 dwn +5 (hscore:5)
       LORE @10, 6 acr +5 (hscore:5)
       LORE @10, 6 acr +5 (hscore:5)
        LEE @11, 8 acr +5 (hscore:5)
        LEE @11, 8 acr +5 (hscore:5)
         GO @13, 1 acr +5 (hscore:5)
        EON @13,13 acr +5 (hscore:5)
        EON @13,13 acr +5 (hscore:5)
         EM @11,11 acr +5 (hscore:5)
         EM @11,11 acr +5 (hscore:5)
         DO @15, 6 acr +5 (hscore:5)
         DE @15, 6 acr +5 (hscore:5)
         DE @15, 6 acr +5 (hscore:5)
         BO @ 8, 3 acr +5 (hscore:5)
         BI @ 9,14 acr +5 (hscore:5)
         BI @12, 3 acr +5 (hscore:5)
         BI @12,14 acr +5 (hscore:5)
         BA @ 7,14 acr +5 (hscore:5)
         AB @ 6, 8 acr +5 (hscore:5)
        TOD @ 7, 6 acr +4 (hscore:4)
        TED @ 7, 6 acr +4 (hscore:4)
        TED @ 7, 6 acr +4 (hscore:4)
         OY @11,14 acr +4 (hscore:4)
        OSE @ 7,11 acr +4 (hscore:4)
        OSE @ 7,11 acr +4 (hscore:4)
         OR @ 2, 6 dwn +4 (hscore:4)
         ON @13,14 acr +4 (hscore:4)
        OES @ 7,10 acr +4 (hscore:4)
        OES @ 7,10 acr +4 (hscore:4)
         OE @12,13 dwn +4 (hscore:4)
         OE @12,13 dwn +4 (hscore:4)
         LO @11, 8 acr +4 (hscore:4)
         ER @ 2, 6 dwn +4 (hscore:4)
         ER @ 2, 6 dwn +4 (hscore:4)
        EON @ 2,14 dwn +4 (hscore:4)
        EON @ 2,14 dwn +4 (hscore:4)
         EN @13,14 acr +4 (hscore:4)
         EN @13,14 acr +4 (hscore:4)
        DOE @ 7, 8 acr +4 (hscore:4)
        DOE @ 8, 8 acr +4 (hscore:4)
        DOE @ 8, 8 acr +4 (hscore:4)
        DOE @ 7, 8 acr +4 (hscore:4)
        DEE @ 7, 8 acr +4 (hscore:4)
        DEE @ 7, 8 acr +4 (hscore:4)
        DEE @ 8, 8 acr +4 (hscore:4)
        DEE @ 8, 8 acr +4 (hscore:4)
        SEI @12, 6 acr +3 (hscore:3)
        SEI @12, 6 acr +3 (hscore:3)
        OSE @12,11 acr +3 (hscore:3)
        OSE @12,11 acr +3 (hscore:3)
         OS @ 7,11 acr +3 (hscore:3)
        ORE @10,11 acr +3 (hscore:3)
        ORE @10,11 acr +3 (hscore:3)
         ON @ 9, 3 acr +3 (hscore:3)
        OES @12,10 acr +3 (hscore:3)
        OES @12,10 acr +3 (hscore:3)
         OE @ 9,11 acr +3 (hscore:3)
         OE @11, 3 acr +3 (hscore:3)
         OE @14, 3 acr +3 (hscore:3)
         OD @15, 3 acr +3 (hscore:3)
         NO @12, 1 acr +3 (hscore:3)
         NE @12, 1 acr +3 (hscore:3)
         NE @12, 1 acr +3 (hscore:3)
         ES @ 7,11 acr +3 (hscore:3)
         ES @ 7,11 acr +3 (hscore:3)
        ERE @10,11 acr +3 (hscore:3)
        ERE @10,11 acr +3 (hscore:3)
         EN @ 9, 3 acr +3 (hscore:3)
         EN @ 9, 3 acr +3 (hscore:3)
         EL @ 8,14 acr +3 (hscore:3)
         EL @ 8,14 acr +3 (hscore:3)
         ED @15, 3 acr +3 (hscore:3)
         ED @15, 3 acr +3 (hscore:3)
         DO @ 9, 1 acr +3 (hscore:3)
         DO @ 7, 8 acr +3 (hscore:3)
         DO @ 8, 8 acr +3 (hscore:3)
         DE @ 9, 1 acr +3 (hscore:3)
         DE @ 8, 8 acr +3 (hscore:3)
         DE @ 9, 1 acr +3 (hscore:3)
         DE @ 7, 8 acr +3 (hscore:3)
         DE @ 7, 8 acr +3 (hscore:3)
         DE @ 8, 8 acr +3 (hscore:3)
         SO @ 7,12 acr +2 (hscore:2)
         SO @12,12 acr +2 (hscore:2)
         RE @10, 8 acr +2 (hscore:2)
         RE @10,12 acr +2 (hscore:2)
         RE @10,12 acr +2 (hscore:2)
         RE @10, 8 acr +2 (hscore:2)
         OS @12,11 acr +2 (hscore:2)
         OR @ 2,15 dwn +2 (hscore:2)
         OR @10,11 acr +2 (hscore:2)
         OI @ 9,14 acr +2 (hscore:2)
         OI @12, 3 acr +2 (hscore:2)
         OI @12,14 acr +2 (hscore:2)
         ET @ 3,10 dwn +2 (hscore:2)
         ET @ 3,10 dwn +2 (hscore:2)
         ES @12,11 acr +2 (hscore:2)
         ES @12,11 acr +2 (hscore:2)
         ER @ 2,15 dwn +2 (hscore:2)
         ER @ 2,15 dwn +2 (hscore:2)
         ER @10,11 acr +2 (hscore:2)
         ER @10,11 acr +2 (hscore:2)
         AE @ 6, 8 acr +2 (hscore:2)
         AE @ 6, 8 acr +2 (hscore:2)
board:
0123456789012345
1...!..*.*..!...
2.M'..?...?..'..
3FAD.ORA...'..OR
4!.Y*H.N?UTA*ON!
5R.ER.EEL'.HOW.Q
6E?.E.S.A.*.O.?U
7J..C'T.D..'S..A
8U..O.A.D...P..L
9D..N'B.E..'E..I
0G?.C.L.R.*.R.?F
1I.'E.I'L'..M'.Y
2N..I.S.I...S..I
3G'.V'H.K..'..'N
4..'E.E.E.?..'.G
5...D.D*.*..!...
